../Core/Src/flash/m78a_micron_flash.c:27:6:m78a_micron_write_reg	32	static
../Core/Src/flash/m78a_micron_flash.c:40:13:m78a_micro_device_reset	24	static
../Core/Src/flash/m78a_micron_flash.c:47:9:m78a_micro_read_reg	40	static
../Core/Src/flash/m78a_micron_flash.c:63:6:m78a_micron_init	16	static
../Core/Src/flash/m78a_micron_flash.c:73:6:m78a_init_protect_reg	8	static
../Core/Src/flash/m78a_micron_flash.c:80:6:m78a_init_config_reg	16	static
../Core/Src/flash/m78a_micron_flash.c:122:6:read_manufacturer_id	32	static
../Core/Src/flash/m78a_micron_flash.c:144:6:m78a_byte_read	4	static
